2026-05-16 18:22:51.982 [INFO] [App] ==== Proximity Lock starting (root=D:\Program Files (x86)\blue, config=D:\Program Files (x86)\blue\config.json) ====
2026-05-16 18:22:52.010 [INFO] [App] Target device: iPhone (classic)
2026-05-16 18:22:52.393 [INFO] [Session] Session lock/unlock listener registered
2026-05-16 18:22:52.448 [INFO] [Bluetooth] Bound classic device: iPhone [Bluetooth#Bluetooth00:1a:7d:da:71:13-80:b9:89:b7:8c:92]
2026-05-16 18:22:52.460 [INFO] [App] Monitoring started. Device='iPhone' poll=3s delay=10s useRssi=False
2026-05-16 18:22:52.462 [INFO] [State] Idle -> Monitoring
2026-05-16 18:22:52.519 [INFO] [State] Monitoring -> Countdown
2026-05-16 18:22:52.524 [INFO] [Countdown] Starting 10s countdown. Reason: Bluetooth disconnected
2026-05-16 18:23:02.622 [INFO] [Lock] Countdown elapsed, executing lock sequence
2026-05-16 18:23:02.630 [INFO] [Lock] LockWorkStation() invoked successfully
2026-05-16 18:23:02.636 [INFO] [State] Countdown -> Locked
2026-05-16 18:23:02.742 [INFO] [Session] SessionLock detected
2026-05-16 18:23:02.746 [INFO] [App] Workstation locked (by us or otherwise)
2026-05-16 18:23:06.513 [INFO] [Session] SessionUnlock detected
2026-05-16 18:23:06.517 [INFO] [App] Workstation unlocked
2026-05-16 18:23:06.522 [INFO] [State] Locked -> Monitoring
2026-05-16 18:23:06.697 [INFO] [State] Monitoring -> Countdown
2026-05-16 18:23:06.701 [INFO] [Countdown] Starting 10s countdown. Reason: Bluetooth disconnected
2026-05-16 18:23:08.784 [WARN] [Countdown] Device reconnected/signal recovered during countdown; cancelling lock
2026-05-16 18:23:08.785 [INFO] [State] Countdown -> Monitoring
2026-05-16 18:23:10.493 [INFO] [State] Monitoring -> Countdown
2026-05-16 18:23:10.497 [INFO] [Countdown] Starting 10s countdown. Reason: Bluetooth disconnected
2026-05-16 18:23:20.557 [INFO] [Lock] Countdown elapsed, executing lock sequence
2026-05-16 18:23:20.558 [INFO] [Lock] LockWorkStation() invoked successfully
2026-05-16 18:23:20.559 [INFO] [State] Countdown -> Locked
2026-05-16 18:23:20.644 [INFO] [Session] SessionLock detected
2026-05-16 18:23:20.648 [INFO] [App] Workstation locked (by us or otherwise)
2026-05-16 18:23:23.664 [INFO] [Session] SessionUnlock detected
2026-05-16 18:23:23.667 [INFO] [App] Workstation unlocked
2026-05-16 18:23:23.669 [INFO] [State] Locked -> Monitoring
2026-05-16 18:23:23.745 [INFO] [State] Monitoring -> Countdown
2026-05-16 18:23:23.751 [INFO] [Countdown] Starting 10s countdown. Reason: Bluetooth disconnected
2026-05-16 18:23:24.789 [WARN] [Countdown] Device reconnected/signal recovered during countdown; cancelling lock
2026-05-16 18:23:24.790 [INFO] [State] Countdown -> Monitoring
2026-05-16 18:23:25.814 [INFO] [App] User changed device: iPhone (classic)
2026-05-16 18:23:25.824 [INFO] [Bluetooth] Monitor stopped
2026-05-16 18:23:25.854 [INFO] [Bluetooth] Bound classic device: iPhone [Bluetooth#Bluetooth00:1a:7d:da:71:13-80:b9:89:b7:8c:92]
2026-05-16 18:23:25.857 [INFO] [App] Monitoring started. Device='iPhone' poll=3s delay=10s useRssi=False
2026-05-16 18:23:25.889 [INFO] [State] Monitoring -> Countdown
2026-05-16 18:23:25.893 [INFO] [Countdown] Starting 10s countdown. Reason: Bluetooth disconnected
2026-05-16 18:23:35.238 [INFO] [App] ==== Proximity Lock starting (root=D:\Program Files (x86)\blue, config=D:\Program Files (x86)\blue\config.json) ====
2026-05-16 18:23:35.280 [INFO] [App] Target device: iPhone (classic)
2026-05-16 18:23:35.683 [INFO] [Session] Session lock/unlock listener registered
2026-05-16 18:23:35.775 [INFO] [Bluetooth] Bound classic device: iPhone [Bluetooth#Bluetooth00:1a:7d:da:71:13-80:b9:89:b7:8c:92]
2026-05-16 18:23:35.790 [INFO] [App] Monitoring started. Device='iPhone' poll=3s delay=10s useRssi=False
2026-05-16 18:23:35.793 [INFO] [State] Idle -> Monitoring
2026-05-16 18:23:35.846 [INFO] [State] Monitoring -> Countdown
2026-05-16 18:23:35.852 [INFO] [Countdown] Starting 10s countdown. Reason: Bluetooth disconnected
2026-05-16 18:23:44.620 [INFO] [App] User changed device: iPhone (classic)
2026-05-16 18:23:44.654 [INFO] [Bluetooth] Monitor stopped
2026-05-16 18:23:44.699 [INFO] [Bluetooth] Bound classic device: iPhone [Bluetooth#Bluetooth00:1a:7d:da:71:13-80:b9:89:b7:8c:92]
2026-05-16 18:23:44.701 [INFO] [App] Monitoring started. Device='iPhone' poll=3s delay=10s useRssi=False
2026-05-16 18:23:44.702 [INFO] [State] Countdown -> Monitoring
2026-05-16 18:23:44.735 [INFO] [State] Monitoring -> Countdown
2026-05-16 18:23:44.740 [INFO] [Countdown] Starting 10s countdown. Reason: Bluetooth disconnected
